Archive member included to satisfy reference by file (symbol)

c:/st/stm32cubeide_1.10.1/stm32cubeide/plugins/com.st.stm32cube.ide.mcu.externaltools.gnu-tools-for-stm32.10.3-2021.10.win32_1.0.0.202111181127/tools/bin/../lib/gcc/arm-none-eabi/10.3.1/../../../../arm-none-eabi/lib/thumb/v7e-m+fp/hard\libc_nano.a(lib_a-exit.o)
                              c:/st/stm32cubeide_1.10.1/stm32cubeide/plugins/com.st.stm32cube.ide.mcu.externaltools.gnu-tools-for-stm32.10.3-2021.10.win32_1.0.0.202111181127/tools/bin/../lib/gcc/arm-none-eabi/10.3.1/../../../../arm-none-eabi/lib/thumb/v7e-m+fp/hard/crt0.o (exit)
c:/st/stm32cubeide_1.10.1/stm32cubeide/plugins/com.st.stm32cube.ide.mcu.externaltools.gnu-tools-for-stm32.10.3-2021.10.win32_1.0.0.202111181127/tools/bin/../lib/gcc/arm-none-eabi/10.3.1/../../../../arm-none-eabi/lib/thumb/v7e-m+fp/hard\libc_nano.a(lib_a-impure.o)
                              c:/st/stm32cubeide_1.10.1/stm32cubeide/plugins/com.st.stm32cube.ide.mcu.externaltools.gnu-tools-for-stm32.10.3-2021.10.win32_1.0.0.202111181127/tools/bin/../lib/gcc/arm-none-eabi/10.3.1/../../../../arm-none-eabi/lib/thumb/v7e-m+fp/hard\libc_nano.a(lib_a-exit.o) (_global_impure_ptr)
c:/st/stm32cubeide_1.10.1/stm32cubeide/plugins/com.st.stm32cube.ide.mcu.externaltools.gnu-tools-for-stm32.10.3-2021.10.win32_1.0.0.202111181127/tools/bin/../lib/gcc/arm-none-eabi/10.3.1/../../../../arm-none-eabi/lib/thumb/v7e-m+fp/hard\libc_nano.a(lib_a-init.o)
                              c:/st/stm32cubeide_1.10.1/stm32cubeide/plugins/com.st.stm32cube.ide.mcu.externaltools.gnu-tools-for-stm32.10.3-2021.10.win32_1.0.0.202111181127/tools/bin/../lib/gcc/arm-none-eabi/10.3.1/../../../../arm-none-eabi/lib/thumb/v7e-m+fp/hard/crt0.o (__libc_init_array)
c:/st/stm32cubeide_1.10.1/stm32cubeide/plugins/com.st.stm32cube.ide.mcu.externaltools.gnu-tools-for-stm32.10.3-2021.10.win32_1.0.0.202111181127/tools/bin/../lib/gcc/arm-none-eabi/10.3.1/../../../../arm-none-eabi/lib/thumb/v7e-m+fp/hard\libc_nano.a(lib_a-memset.o)
                              c:/st/stm32cubeide_1.10.1/stm32cubeide/plugins/com.st.stm32cube.ide.mcu.externaltools.gnu-tools-for-stm32.10.3-2021.10.win32_1.0.0.202111181127/tools/bin/../lib/gcc/arm-none-eabi/10.3.1/../../../../arm-none-eabi/lib/thumb/v7e-m+fp/hard/crt0.o (memset)
c:/st/stm32cubeide_1.10.1/stm32cubeide/plugins/com.st.stm32cube.ide.mcu.externaltools.gnu-tools-for-stm32.10.3-2021.10.win32_1.0.0.202111181127/tools/bin/../lib/gcc/arm-none-eabi/10.3.1/../../../../arm-none-eabi/lib/thumb/v7e-m+fp/hard\libnosys.a(_exit.o)
                              c:/st/stm32cubeide_1.10.1/stm32cubeide/plugins/com.st.stm32cube.ide.mcu.externaltools.gnu-tools-for-stm32.10.3-2021.10.win32_1.0.0.202111181127/tools/bin/../lib/gcc/arm-none-eabi/10.3.1/../../../../arm-none-eabi/lib/thumb/v7e-m+fp/hard\libc_nano.a(lib_a-exit.o) (_exit)

Discarded input sections

 .text          0x0000000000000000        0x0 c:/st/stm32cubeide_1.10.1/stm32cubeide/plugins/com.st.stm32cube.ide.mcu.externaltools.gnu-tools-for-stm32.10.3-2021.10.win32_1.0.0.202111181127/tools/bin/../lib/gcc/arm-none-eabi/10.3.1/thumb/v7e-m+fp/hard/crti.o
 .data          0x0000000000000000        0x0 c:/st/stm32cubeide_1.10.1/stm32cubeide/plugins/com.st.stm32cube.ide.mcu.externaltools.gnu-tools-for-stm32.10.3-2021.10.win32_1.0.0.202111181127/tools/bin/../lib/gcc/arm-none-eabi/10.3.1/thumb/v7e-m+fp/hard/crti.o
 .bss           0x0000000000000000        0x0 c:/st/stm32cubeide_1.10.1/stm32cubeide/plugins/com.st.stm32cube.ide.mcu.externaltools.gnu-tools-for-stm32.10.3-2021.10.win32_1.0.0.202111181127/tools/bin/../lib/gcc/arm-none-eabi/10.3.1/thumb/v7e-m+fp/hard/crti.o
 .data          0x0000000000000000        0x4 c:/st/stm32cubeide_1.10.1/stm32cubeide/plugins/com.st.stm32cube.ide.mcu.externaltools.gnu-tools-for-stm32.10.3-2021.10.win32_1.0.0.202111181127/tools/bin/../lib/gcc/arm-none-eabi/10.3.1/thumb/v7e-m+fp/hard/crtbegin.o
 .rodata        0x0000000000000000       0x24 c:/st/stm32cubeide_1.10.1/stm32cubeide/plugins/com.st.stm32cube.ide.mcu.externaltools.gnu-tools-for-stm32.10.3-2021.10.win32_1.0.0.202111181127/tools/bin/../lib/gcc/arm-none-eabi/10.3.1/thumb/v7e-m+fp/hard/crtbegin.o
 .text          0x0000000000000000       0x7c c:/st/stm32cubeide_1.10.1/stm32cubeide/plugins/com.st.stm32cube.ide.mcu.externaltools.gnu-tools-for-stm32.10.3-2021.10.win32_1.0.0.202111181127/tools/bin/../lib/gcc/arm-none-eabi/10.3.1/../../../../arm-none-eabi/lib/thumb/v7e-m+fp/hard/crt0.o
 .data          0x0000000000000000        0x0 c:/st/stm32cubeide_1.10.1/stm32cubeide/plugins/com.st.stm32cube.ide.mcu.externaltools.gnu-tools-for-stm32.10.3-2021.10.win32_1.0.0.202111181127/tools/bin/../lib/gcc/arm-none-eabi/10.3.1/../../../../arm-none-eabi/lib/thumb/v7e-m+fp/hard/crt0.o
[...]
Memory Configuration

Name             Origin             Length             Attributes
RAM              0x0000000020000000 0x0000000000008000 xrw
FLASH            0x0000000008000000 0x0000000000020000 xr
*default*        0x0000000000000000 0xffffffffffffffff

Linker script and memory map

LOAD c:/st/stm32cubeide_1.10.1/stm32cubeide/plugins/com.st.stm32cube.ide.mcu.externaltools.gnu-tools-for-stm32.10.3-2021.10.win32_1.0.0.202111181127/tools/bin/../lib/gcc/arm-none-eabi/10.3.1/thumb/v7e-m+fp/hard/crti.o
LOAD c:/st/stm32cubeide_1.10.1/stm32cubeide/plugins/com.st.stm32cube.ide.mcu.externaltools.gnu-tools-for-stm32.10.3-2021.10.win32_1.0.0.202111181127/tools/bin/../lib/gcc/arm-none-eabi/10.3.1/thumb/v7e-m+fp/hard/crtbegin.o
LOAD c:/st/stm32cubeide_1.10.1/stm32cubeide/plugins/com.st.stm32cube.ide.mcu.externaltools.gnu-tools-for-stm32.10.3-2021.10.win32_1.0.0.202111181127/tools/bin/../lib/gcc/arm-none-eabi/10.3.1/../../../../arm-none-eabi/lib/thumb/v7e-m+fp/hard/crt0.o
LOAD ./Core/Src/adc.o
LOAD ./Core/Src/dma.o
LOAD ./Core/Src/gpio.o
LOAD ./Core/Src/main.o
LOAD ./Core/Src/stm32g4xx_it.o
LOAD ./Core/Src/system_stm32g4xx.o
LOAD ./Core/Src/tim.o
LOAD ./Core/Startup/startup_stm32g431rbtx.o
LOAD ./Drivers/STM32G4xx_HAL_Driver/Src/stm32g4xx_ll_adc.o
LOAD ./Drivers/STM32G4xx_HAL_Driver/Src/stm32g4xx_ll_dma.o
LOAD ./Drivers/STM32G4xx_HAL_Driver/Src/stm32g4xx_ll_exti.o
LOAD ./Drivers/STM32G4xx_HAL_Driver/Src/stm32g4xx_ll_gpio.o
LOAD ./Drivers/STM32G4xx_HAL_Driver/Src/stm32g4xx_ll_pwr.o
LOAD ./Drivers/STM32G4xx_HAL_Driver/Src/stm32g4xx_ll_tim.o
LOAD ./Drivers/STM32G4xx_HAL_Driver/Src/stm32g4xx_ll_utils.o
START GROUP
LOAD c:/st/stm32cubeide_1.10.1/stm32cubeide/plugins/com.st.stm32cube.ide.mcu.externaltools.gnu-tools-for-stm32.10.3-2021.10.win32_1.0.0.202111181127/tools/bin/../lib/gcc/arm-none-eabi/10.3.1/../../../../arm-none-eabi/lib/thumb/v7e-m+fp/hard\libc_nano.a
LOAD c:/st/stm32cubeide_1.10.1/stm32cubeide/plugins/com.st.stm32cube.ide.mcu.externaltools.gnu-tools-for-stm32.10.3-2021.10.win32_1.0.0.202111181127/tools/bin/../lib/gcc/arm-none-eabi/10.3.1/../../../../arm-none-eabi/lib/thumb/v7e-m+fp/hard\libm.a
END GROUP
START GROUP
LOAD c:/st/stm32cubeide_1.10.1/stm32cubeide/plugins/com.st.stm32cube.ide.mcu.externaltools.gnu-tools-for-stm32.10.3-2021.10.win32_1.0.0.202111181127/tools/bin/../lib/gcc/arm-none-eabi/10.3.1/thumb/v7e-m+fp/hard\libgcc.a
LOAD c:/st/stm32cubeide_1.10.1/stm32cubeide/plugins/com.st.stm32cube.ide.mcu.externaltools.gnu-tools-for-stm32.10.3-2021.10.win32_1.0.0.202111181127/tools/bin/../lib/gcc/arm-none-eabi/10.3.1/../../../../arm-none-eabi/lib/thumb/v7e-m+fp/hard\libc_nano.a
END GROUP
START GROUP
LOAD c:/st/stm32cubeide_1.10.1/stm32cubeide/plugins/com.st.stm32cube.ide.mcu.externaltools.gnu-tools-for-stm32.10.3-2021.10.win32_1.0.0.202111181127/tools/bin/../lib/gcc/arm-none-eabi/10.3.1/thumb/v7e-m+fp/hard\libgcc.a
LOAD c:/st/stm32cubeide_1.10.1/stm32cubeide/plugins/com.st.stm32cube.ide.mcu.externaltools.gnu-tools-for-stm32.10.3-2021.10.win32_1.0.0.202111181127/tools/bin/../lib/gcc/arm-none-eabi/10.3.1/../../../../arm-none-eabi/lib/thumb/v7e-m+fp/hard\libc_nano.a
LOAD c:/st/stm32cubeide_1.10.1/stm32cubeide/plugins/com.st.stm32cube.ide.mcu.externaltools.gnu-tools-for-stm32.10.3-2021.10.win32_1.0.0.202111181127/tools/bin/../lib/gcc/arm-none-eabi/10.3.1/../../../../arm-none-eabi/lib/thumb/v7e-m+fp/hard\libnosys.a
END GROUP
START GROUP
LOAD c:/st/stm32cubeide_1.10.1/stm32cubeide/plugins/com.st.stm32cube.ide.mcu.externaltools.gnu-tools-for-stm32.10.3-2021.10.win32_1.0.0.202111181127/tools/bin/../lib/gcc/arm-none-eabi/10.3.1/thumb/v7e-m+fp/hard\libgcc.a
LOAD c:/st/stm32cubeide_1.10.1/stm32cubeide/plugins/com.st.stm32cube.ide.mcu.externaltools.gnu-tools-for-stm32.10.3-2021.10.win32_1.0.0.202111181127/tools/bin/../lib/gcc/arm-none-eabi/10.3.1/../../../../arm-none-eabi/lib/thumb/v7e-m+fp/hard\libc_nano.a
LOAD c:/st/stm32cubeide_1.10.1/stm32cubeide/plugins/com.st.stm32cube.ide.mcu.externaltools.gnu-tools-for-stm32.10.3-2021.10.win32_1.0.0.202111181127/tools/bin/../lib/gcc/arm-none-eabi/10.3.1/../../../../arm-none-eabi/lib/thumb/v7e-m+fp/hard\libnosys.a
END GROUP
LOAD c:/st/stm32cubeide_1.10.1/stm32cubeide/plugins/com.st.stm32cube.ide.mcu.externaltools.gnu-tools-for-stm32.10.3-2021.10.win32_1.0.0.202111181127/tools/bin/../lib/gcc/arm-none-eabi/10.3.1/thumb/v7e-m+fp/hard/crtend.o
LOAD c:/st/stm32cubeide_1.10.1/stm32cubeide/plugins/com.st.stm32cube.ide.mcu.externaltools.gnu-tools-for-stm32.10.3-2021.10.win32_1.0.0.202111181127/tools/bin/../lib/gcc/arm-none-eabi/10.3.1/thumb/v7e-m+fp/hard/crtn.o
                0x0000000020008000                _estack = (ORIGIN (RAM) + LENGTH (RAM))
                0x0000000000000200                _Min_Heap_Size = 0x200
                0x0000000000000400                _Min_Stack_Size = 0x400

.isr_vector     0x0000000008000000      0x1d8
                0x0000000008000000                . = ALIGN (0x4)
 *(.isr_vector)
 .isr_vector    0x0000000008000000      0x1d8 ./Core/Startup/startup_stm32g431rbtx.o
                0x0000000008000000                g_pfnVectors
                0x00000000080001d8                . = ALIGN (0x4)

.text           0x00000000080001d8     0x2840
                0x00000000080001d8                . = ALIGN (0x4)
 *(.text)
 .text          0x00000000080001d8       0x40 c:/st/stm32cubeide_1.10.1/stm32cubeide/plugins/com.st.stm32cube.ide.mcu.externaltools.gnu-tools-for-stm32.10.3-2021.10.win32_1.0.0.202111181127/tools/bin/../lib/gcc/arm-none-eabi/10.3.1/thumb/v7e-m+fp/hard/crtbegin.o
 *(.text*)
 .text.LL_ADC_DMA_GetRegAddr
                0x0000000008000218       0x30 ./Core/Src/adc.o
 .text.LL_ADC_SetCommonPathInternalCh
                0x0000000008000248       0x26 ./Core/Src/adc.o
 .text.LL_ADC_SetGainCompensation
                0x000000000800026e       0x4a ./Core/Src/adc.o
 .text.LL_ADC_REG_SetTriggerEdge
                0x00000000080002b8       0x26 ./Core/Src/adc.o
 .text.LL_ADC_REG_SetSequencerRanks
                0x00000000080002de       0x58 ./Core/Src/adc.o
 .text.LL_ADC_SetChannelSamplingTime
                0x0000000008000336       0x56 ./Core/Src/adc.o
 .text.LL_ADC_SetChannelSingleDiff
                0x000000000800038c       0x50 ./Core/Src/adc.o
 .text.LL_ADC_SetOverSamplingScope
                0x00000000080003dc       0x2a ./Core/Src/adc.o
 .text.LL_ADC_DisableDeepPowerDown
                0x0000000008000406       0x24 ./Core/Src/adc.o
 .text.LL_ADC_EnableInternalRegulator
                0x000000000800042a       0x28 ./Core/Src/adc.o
 *fill*         0x0000000008000452        0x2 
 .text.LL_DMA_EnableChannel
                0x0000000008000454       0x44 ./Core/Src/adc.o
 .text.LL_DMA_SetDataTransferDirection
                0x0000000008000498       0x50 ./Core/Src/adc.o
 .text.LL_DMA_SetMode
                0x00000000080004e8       0x4c ./Core/Src/adc.o
 .text.LL_DMA_SetPeriphIncMode
                0x0000000008000534       0x4c ./Core/Src/adc.o
 .text.LL_DMA_SetMemoryIncMode
                0x0000000008000580       0x4c ./Core/Src/adc.o
 .text.LL_DMA_SetPeriphSize
                0x00000000080005cc       0x4c ./Core/Src/adc.o
 .text.LL_DMA_SetMemorySize
                0x0000000008000618       0x4c ./Core/Src/adc.o
 .text.LL_DMA_SetChannelPriorityLevel
                0x0000000008000664       0x4c ./Core/Src/adc.o
 .text.LL_DMA_SetDataLength
                0x00000000080006b0       0x4c ./Core/Src/adc.o
 .text.LL_DMA_ConfigAddresses
                0x00000000080006fc       0x7c ./Core/Src/adc.o
 .text.LL_DMA_SetPeriphRequest
                0x0000000008000778       0x54 ./Core/Src/adc.o
 .text.LL_DMA_EnableIT_TC
                0x00000000080007cc       0x44 ./Core/Src/adc.o
 .text.LL_DMA_EnableIT_TE
                0x0000000008000810       0x44 ./Core/Src/adc.o
 .text.LL_RCC_SetADCClockSource
                0x0000000008000854       0x48 ./Core/Src/adc.o
 .text.LL_AHB2_GRP1_EnableClock
                0x000000000800089c       0x30 ./Core/Src/adc.o
 .text.MX_ADC1_Init
                0x00000000080008cc      0x280 ./Core/Src/adc.o
                0x00000000080008cc                MX_ADC1_Init
 .text.__NVIC_GetPriorityGrouping
                0x0000000008000b4c       0x1c ./Core/Src/dma.o
 .text.__NVIC_EnableIRQ
                0x0000000008000b68       0x3c ./Core/Src/dma.o
 .text.__NVIC_SetPriority
                0x0000000008000ba4       0x54 ./Core/Src/dma.o
 .text.NVIC_EncodePriority
                0x0000000008000bf8       0x66 ./Core/Src/dma.o
 *fill*         0x0000000008000c5e        0x2 
 .text.LL_AHB1_GRP1_EnableClock
                0x0000000008000c60       0x30 ./Core/Src/dma.o
 .text.MX_DMA_Init
                0x0000000008000c90       0x34 ./Core/Src/dma.o
                0x0000000008000c90                MX_DMA_Init
 .text.LL_AHB2_GRP1_EnableClock
                0x0000000008000cc4       0x30 ./Core/Src/gpio.o
 .text.MX_GPIO_Init
                0x0000000008000cf4       0x14 ./Core/Src/gpio.o
                0x0000000008000cf4                MX_GPIO_Init
 .text.__NVIC_SetPriorityGrouping
                0x0000000008000d08       0x48 ./Core/Src/main.o
 .text.__NVIC_GetPriorityGrouping
                0x0000000008000d50       0x1c ./Core/Src/main.o
 .text.__NVIC_SetPriority
                0x0000000008000d6c       0x54 ./Core/Src/main.o
 .text.NVIC_EncodePriority
                0x0000000008000dc0       0x66 ./Core/Src/main.o
 .text.LL_ADC_DisableDeepPowerDown
                0x0000000008000e26       0x24 ./Core/Src/main.o
 .text.LL_ADC_EnableInternalRegulator
                0x0000000008000e4a       0x28 ./Core/Src/main.o
 .text.LL_ADC_Enable
                0x0000000008000e72       0x28 ./Core/Src/main.o
 .text.LL_ADC_IsEnabled
                0x0000000008000e9a       0x26 ./Core/Src/main.o
 .text.LL_ADC_IsDisableOngoing
                0x0000000008000ec0       0x26 ./Core/Src/main.o
 .text.LL_ADC_StartCalibration
                0x0000000008000ee6       0x32 ./Core/Src/main.o
 .text.LL_ADC_IsCalibrationOnGoing
                0x0000000008000f18       0x28 ./Core/Src/main.o
 .text.LL_ADC_REG_StartConversion
                0x0000000008000f40       0x28 ./Core/Src/main.o
 .text.LL_ADC_REG_IsConversionOngoing
                0x0000000008000f68       0x26 ./Core/Src/main.o
 .text.LL_ADC_IsActiveFlag_ADRDY
                0x0000000008000f8e       0x26 ./Core/Src/main.o
 .text.LL_RCC_HSI_Enable
                0x0000000008000fb4       0x20 ./Core/Src/main.o
 .text.LL_RCC_HSI_IsReady
                0x0000000008000fd4       0x28 ./Core/Src/main.o
 .text.LL_RCC_HSI_SetCalibTrimming
                0x0000000008000ffc       0x2c ./Core/Src/main.o
 .text.LL_RCC_SetSysClkSource
                0x0000000008001028       0x28 ./Core/Src/main.o
 .text.LL_RCC_GetSysClkSource
                0x0000000008001050       0x1c ./Core/Src/main.o
 .text.LL_RCC_SetAHBPrescaler
                0x000000000800106c       0x28 ./Core/Src/main.o
 .text.LL_RCC_SetAPB1Prescaler
                0x0000000008001094       0x28 ./Core/Src/main.o
 .text.LL_RCC_SetAPB2Prescaler
                0x00000000080010bc       0x28 ./Core/Src/main.o
 .text.LL_RCC_PLL_Enable
                0x00000000080010e4       0x20 ./Core/Src/main.o
 .text.LL_RCC_PLL_IsReady
                0x0000000008001104       0x28 ./Core/Src/main.o
 .text.LL_RCC_PLL_ConfigDomain_SYS
                0x000000000800112c       0x40 ./Core/Src/main.o
 .text.LL_RCC_PLL_EnableDomain_SYS
                0x000000000800116c       0x20 ./Core/Src/main.o
 .text.LL_APB1_GRP1_EnableClock
                0x000000000800118c       0x30 ./Core/Src/main.o
 .text.LL_APB2_GRP1_EnableClock
                0x00000000080011bc       0x30 ./Core/Src/main.o
 .text.LL_FLASH_SetLatency
                0x00000000080011ec       0x28 ./Core/Src/main.o
 .text.LL_FLASH_GetLatency
                0x0000000008001214       0x1c ./Core/Src/main.o
 .text.LL_PWR_EnableRange1BoostMode
                0x0000000008001230       0x24 ./Core/Src/main.o
 .text.LL_PWR_DisableUCPDDeadBattery
                0x0000000008001254       0x20 ./Core/Src/main.o
 .text.main     0x0000000008001274      0x110 ./Core/Src/main.o
                0x0000000008001274                main
 .text.SystemClock_Config
                0x0000000008001384       0xc0 ./Core/Src/main.o
                0x0000000008001384                SystemClock_Config
 .text.Activate_ADC
                0x0000000008001444       0xb0 ./Core/Src/main.o
                0x0000000008001444                Activate_ADC
 .text.LL_DMA_IsActiveFlag_TC1
                0x00000000080014f4       0x26 ./Core/Src/stm32g4xx_it.o
 .text.LL_DMA_ClearFlag_TC1
                0x000000000800151a       0x1a ./Core/Src/stm32g4xx_it.o
 .text.NMI_Handler
                0x0000000008001534        0x6 ./Core/Src/stm32g4xx_it.o
                0x0000000008001534                NMI_Handler
 .text.HardFault_Handler
                0x000000000800153a        0x6 ./Core/Src/stm32g4xx_it.o
                0x000000000800153a                HardFault_Handler
 .text.MemManage_Handler
                0x0000000008001540        0x6 ./Core/Src/stm32g4xx_it.o
                0x0000000008001540                MemManage_Handler
 .text.BusFault_Handler
                0x0000000008001546        0x6 ./Core/Src/stm32g4xx_it.o
                0x0000000008001546                BusFault_Handler
 .text.UsageFault_Handler
                0x000000000800154c        0x6 ./Core/Src/stm32g4xx_it.o
                0x000000000800154c                UsageFault_Handler
 .text.SVC_Handler
                0x0000000008001552        0xe ./Core/Src/stm32g4xx_it.o
                0x0000000008001552                SVC_Handler
 .text.DebugMon_Handler
                0x0000000008001560        0xe ./Core/Src/stm32g4xx_it.o
                0x0000000008001560                DebugMon_Handler
 .text.PendSV_Handler
                0x000000000800156e        0xe ./Core/Src/stm32g4xx_it.o
                0x000000000800156e                PendSV_Handler
 .text.SysTick_Handler
                0x000000000800157c        0xe ./Core/Src/stm32g4xx_it.o
                0x000000000800157c                SysTick_Handler
 *fill*         0x000000000800158a        0x2 
 .text.DMA1_Channel1_IRQHandler
                0x000000000800158c       0x28 ./Core/Src/stm32g4xx_it.o
                0x000000000800158c                DMA1_Channel1_IRQHandler
 .text.SystemInit
                0x00000000080015b4       0x24 ./Core/Src/system_stm32g4xx.o
                0x00000000080015b4                SystemInit
 .text.LL_AHB2_GRP1_EnableClock
                0x00000000080015d8       0x30 ./Core/Src/tim.o
 .text.LL_APB2_GRP1_EnableClock
                0x0000000008001608       0x30 ./Core/Src/tim.o
 .text.LL_TIM_EnableCounter
                0x0000000008001638       0x20 ./Core/Src/tim.o
 .text.LL_TIM_DisableARRPreload
                0x0000000008001658       0x20 ./Core/Src/tim.o
 .text.LL_TIM_CC_EnableChannel
                0x0000000008001678       0x22 ./Core/Src/tim.o
 *fill*         0x000000000800169a        0x2 
 .text.LL_TIM_OC_DisableFast
                0x000000000800169c       0xb0 ./Core/Src/tim.o
 .text.LL_TIM_OC_EnablePreload
                0x000000000800174c       0xac ./Core/Src/tim.o
 .text.LL_TIM_SetClockSource
                0x00000000080017f8       0x2a ./Core/Src/tim.o
 .text.LL_TIM_SetTriggerOutput
                0x0000000008001822       0x2a ./Core/Src/tim.o
 .text.LL_TIM_SetTriggerOutput2
                0x000000000800184c       0x26 ./Core/Src/tim.o
 .text.LL_TIM_DisableMasterSlaveMode
                0x0000000008001872       0x20 ./Core/Src/tim.o
 .text.LL_TIM_EnableAllOutputs
                0x0000000008001892       0x20 ./Core/Src/tim.o
 *fill*         0x00000000080018b2        0x2 
 .text.MX_TIM8_Init
                0x00000000080018b4      0x164 ./Core/Src/tim.o
                0x00000000080018b4                MX_TIM8_Init
 .text.Reset_Handler
                0x0000000008001a18       0x50 ./Core/Startup/startup_stm32g431rbtx.o
                0x0000000008001a18                Reset_Handler
 .text.Default_Handler
                0x0000000008001a68        0x2 ./Core/Startup/startup_stm32g431rbtx.o
                0x0000000008001a68                RTC_Alarm_IRQHandler
                0x0000000008001a68                EXTI2_IRQHandler
                0x0000000008001a68                TIM8_TRG_COM_IRQHandler
                0x0000000008001a68                TIM8_CC_IRQHandler
                0x0000000008001a68                TIM1_CC_IRQHandler
                0x0000000008001a68                USB_HP_IRQHandler
                0x0000000008001a68                CORDIC_IRQHandler
                0x0000000008001a68                EXTI3_IRQHandler
                0x0000000008001a68                I2C3_ER_IRQHandler
                0x0000000008001a68                EXTI0_IRQHandler
                0x0000000008001a68                I2C2_EV_IRQHandler
                0x0000000008001a68                FPU_IRQHandler
                0x0000000008001a68                FDCAN1_IT1_IRQHandler
                0x0000000008001a68                TIM1_UP_TIM16_IRQHandler
                0x0000000008001a68                ADC1_2_IRQHandler
                0x0000000008001a68                SPI1_IRQHandler
                0x0000000008001a68                TIM6_DAC_IRQHandler
                0x0000000008001a68                TIM8_UP_IRQHandler
                0x0000000008001a68                DMA2_Channel2_IRQHandler
                0x0000000008001a68                DMA1_Channel4_IRQHandler
                0x0000000008001a68                USART3_IRQHandler
                0x0000000008001a68                TIM4_IRQHandler
                0x0000000008001a68                DMA2_Channel1_IRQHandler
                0x0000000008001a68                I2C1_EV_IRQHandler
                0x0000000008001a68                DMA1_Channel6_IRQHandler
                0x0000000008001a68                UART4_IRQHandler
                0x0000000008001a68                DMA2_Channel4_IRQHandler
                0x0000000008001a68                TIM3_IRQHandler
                0x0000000008001a68                RCC_IRQHandler
                0x0000000008001a68                Default_Handler
                0x0000000008001a68                RTC_TAMP_LSECSS_IRQHandler
                0x0000000008001a68                FMAC_IRQHandler
                0x0000000008001a68                EXTI15_10_IRQHandler
                0x0000000008001a68                TIM7_IRQHandler
                0x0000000008001a68                UCPD1_IRQHandler
                0x0000000008001a68                I2C3_EV_IRQHandler
                0x0000000008001a68                EXTI9_5_IRQHandler
                0x0000000008001a68                RTC_WKUP_IRQHandler
                0x0000000008001a68                PVD_PVM_IRQHandler
                0x0000000008001a68                SPI2_IRQHandler
                0x0000000008001a68                DMA2_Channel5_IRQHandler
                0x0000000008001a68                CRS_IRQHandler
                0x0000000008001a68                DMA1_Channel5_IRQHandler
                0x0000000008001a68                USB_LP_IRQHandler
                0x0000000008001a68                EXTI4_IRQHandler
                0x0000000008001a68                RNG_IRQHandler
                0x0000000008001a68                TIM1_TRG_COM_TIM17_IRQHandler
                0x0000000008001a68                DMA1_Channel3_IRQHandler
                0x0000000008001a68                WWDG_IRQHandler
                0x0000000008001a68                LPUART1_IRQHandler
                0x0000000008001a68                DMA2_Channel6_IRQHandler
                0x0000000008001a68                FDCAN1_IT0_IRQHandler
                0x0000000008001a68                TIM2_IRQHandler
                0x0000000008001a68                COMP1_2_3_IRQHandler
                0x0000000008001a68                EXTI1_IRQHandler
                0x0000000008001a68                USART2_IRQHandler
                0x0000000008001a68                I2C2_ER_IRQHandler
                0x0000000008001a68                DMA1_Channel2_IRQHandler
                0x0000000008001a68                TIM8_BRK_IRQHandler
                0x0000000008001a68                FLASH_IRQHandler
                0x0000000008001a68                USART1_IRQHandler
                0x0000000008001a68                SPI3_IRQHandler
                0x0000000008001a68                I2C1_ER_IRQHandler
                0x0000000008001a68                LPTIM1_IRQHandler
                0x0000000008001a68                DMAMUX_OVR_IRQHandler
                0x0000000008001a68                USBWakeUp_IRQHandler
                0x0000000008001a68                SAI1_IRQHandler
                0x0000000008001a68                DMA2_Channel3_IRQHandler
                0x0000000008001a68                COMP4_IRQHandler
                0x0000000008001a68                TIM1_BRK_TIM15_IRQHandler
 .text.LL_ADC_REG_SetSequencerLength
                0x0000000008001a6a       0x26 ./Drivers/STM32G4xx_HAL_Driver/Src/stm32g4xx_ll_adc.o
 .text.LL_ADC_IsEnabled
                0x0000000008001a90       0x26 ./Drivers/STM32G4xx_HAL_Driver/Src/stm32g4xx_ll_adc.o
 *fill*         0x0000000008001ab6        0x2 
 .text.LL_ADC_CommonInit
                0x0000000008001ab8       0x80 ./Drivers/STM32G4xx_HAL_Driver/Src/stm32g4xx_ll_adc.o
                0x0000000008001ab8                LL_ADC_CommonInit
 .text.LL_ADC_Init
                0x0000000008001b38       0x4c ./Drivers/STM32G4xx_HAL_Driver/Src/stm32g4xx_ll_adc.o
                0x0000000008001b38                LL_ADC_Init
 .text.LL_ADC_REG_Init
                0x0000000008001b84       0x94 ./Drivers/STM32G4xx_HAL_Driver/Src/stm32g4xx_ll_adc.o
                0x0000000008001b84                LL_ADC_REG_Init
 .text.LL_GPIO_SetPinMode
                0x0000000008001c18       0x7a ./Drivers/STM32G4xx_HAL_Driver/Src/stm32g4xx_ll_gpio.o
 .text.LL_GPIO_SetPinOutputType
                0x0000000008001c92       0x30 ./Drivers/STM32G4xx_HAL_Driver/Src/stm32g4xx_ll_gpio.o
 .text.LL_GPIO_SetPinSpeed
                0x0000000008001cc2       0x7a ./Drivers/STM32G4xx_HAL_Driver/Src/stm32g4xx_ll_gpio.o
 .text.LL_GPIO_SetPinPull
                0x0000000008001d3c       0x7a ./Drivers/STM32G4xx_HAL_Driver/Src/stm32g4xx_ll_gpio.o
 .text.LL_GPIO_SetAFPin_0_7
                0x0000000008001db6       0x7a ./Drivers/STM32G4xx_HAL_Driver/Src/stm32g4xx_ll_gpio.o
 .text.LL_GPIO_SetAFPin_8_15
                0x0000000008001e30       0x7e ./Drivers/STM32G4xx_HAL_Driver/Src/stm32g4xx_ll_gpio.o
 .text.LL_GPIO_Init
                0x0000000008001eae       0xdc ./Drivers/STM32G4xx_HAL_Driver/Src/stm32g4xx_ll_gpio.o
                0x0000000008001eae                LL_GPIO_Init
 .text.LL_TIM_SetPrescaler
                0x0000000008001f8a       0x1c ./Drivers/STM32G4xx_HAL_Driver/Src/stm32g4xx_ll_tim.o
 .text.LL_TIM_SetAutoReload
                0x0000000008001fa6       0x1c ./Drivers/STM32G4xx_HAL_Driver/Src/stm32g4xx_ll_tim.o
 .text.LL_TIM_SetRepetitionCounter
                0x0000000008001fc2       0x1c ./Drivers/STM32G4xx_HAL_Driver/Src/stm32g4xx_ll_tim.o
 .text.LL_TIM_OC_SetCompareCH1
                0x0000000008001fde       0x1c ./Drivers/STM32G4xx_HAL_Driver/Src/stm32g4xx_ll_tim.o
 .text.LL_TIM_OC_SetCompareCH2
                0x0000000008001ffa       0x1c ./Drivers/STM32G4xx_HAL_Driver/Src/stm32g4xx_ll_tim.o
 .text.LL_TIM_OC_SetCompareCH3
                0x0000000008002016       0x1c ./Drivers/STM32G4xx_HAL_Driver/Src/stm32g4xx_ll_tim.o
 .text.LL_TIM_OC_SetCompareCH4
                0x0000000008002032       0x1c ./Drivers/STM32G4xx_HAL_Driver/Src/stm32g4xx_ll_tim.o
 .text.LL_TIM_OC_SetCompareCH5
                0x000000000800204e       0x20 ./Drivers/STM32G4xx_HAL_Driver/Src/stm32g4xx_ll_tim.o
 .text.LL_TIM_OC_SetCompareCH6
                0x000000000800206e       0x1c ./Drivers/STM32G4xx_HAL_Driver/Src/stm32g4xx_ll_tim.o
 .text.LL_TIM_GenerateEvent_UPDATE
                0x000000000800208a       0x20 ./Drivers/STM32G4xx_HAL_Driver/Src/stm32g4xx_ll_tim.o
 *fill*         0x00000000080020aa        0x2 
 .text.LL_TIM_Init
                0x00000000080020ac      0x114 ./Drivers/STM32G4xx_HAL_Driver/Src/stm32g4xx_ll_tim.o
                0x00000000080020ac                LL_TIM_Init
 .text.LL_TIM_OC_Init
                0x00000000080021c0       0xbe ./Drivers/STM32G4xx_HAL_Driver/Src/stm32g4xx_ll_tim.o
                0x00000000080021c0                LL_TIM_OC_Init
 *fill*         0x000000000800227e        0x2 
 .text.LL_TIM_BDTR_Init
                0x0000000008002280      0x110 ./Drivers/STM32G4xx_HAL_Driver/Src/stm32g4xx_ll_tim.o
                0x0000000008002280                LL_TIM_BDTR_Init
 .text.OC1Config
                0x0000000008002390      0x100 ./Drivers/STM32G4xx_HAL_Driver/Src/stm32g4xx_ll_tim.o
 .text.OC2Config
                0x0000000008002490      0x108 ./Drivers/STM32G4xx_HAL_Driver/Src/stm32g4xx_ll_tim.o
 .text.OC3Config
                0x0000000008002598      0x108 ./Drivers/STM32G4xx_HAL_Driver/Src/stm32g4xx_ll_tim.o
 .text.OC4Config
                0x00000000080026a0      0x108 ./Drivers/STM32G4xx_HAL_Driver/Src/stm32g4xx_ll_tim.o
 .text.OC5Config
                0x00000000080027a8       0xc8 ./Drivers/STM32G4xx_HAL_Driver/Src/stm32g4xx_ll_tim.o
 .text.OC6Config
                0x0000000008002870       0xc8 ./Drivers/STM32G4xx_HAL_Driver/Src/stm32g4xx_ll_tim.o
 .text.LL_InitTick
                0x0000000008002938       0x34 ./Drivers/STM32G4xx_HAL_Driver/Src/stm32g4xx_ll_utils.o
 .text.LL_Init1msTick
                0x000000000800296c       0x1a ./Drivers/STM32G4xx_HAL_Driver/Src/stm32g4xx_ll_utils.o
                0x000000000800296c                LL_Init1msTick
 *fill*         0x0000000008002986        0x2 
 .text.LL_SetSystemCoreClock
                0x0000000008002988       0x20 ./Drivers/STM32G4xx_HAL_Driver/Src/stm32g4xx_ll_utils.o
                0x0000000008002988                LL_SetSystemCoreClock
 .text.__libc_init_array
                0x00000000080029a8       0x48 c:/st/stm32cubeide_1.10.1/stm32cubeide/plugins/com.st.stm32cube.ide.mcu.externaltools.gnu-tools-for-stm32.10.3-2021.10.win32_1.0.0.202111181127/tools/bin/../lib/gcc/arm-none-eabi/10.3.1/../../../../arm-none-eabi/lib/thumb/v7e-m+fp/hard\libc_nano.a(lib_a-init.o)
                0x00000000080029a8                __libc_init_array
 .text.memset   0x00000000080029f0       0x10 c:/st/stm32cubeide_1.10.1/stm32cubeide/plugins/com.st.stm32cube.ide.mcu.externaltools.gnu-tools-for-stm32.10.3-2021.10.win32_1.0.0.202111181127/tools/bin/../lib/gcc/arm-none-eabi/10.3.1/../../../../arm-none-eabi/lib/thumb/v7e-m+fp/hard\libc_nano.a(lib_a-memset.o)
                0x00000000080029f0                memset
 *(.glue_7)
 .glue_7        0x0000000008002a00        0x0 linker stubs
 *(.glue_7t)
 .glue_7t       0x0000000008002a00        0x0 linker stubs
 *(.eh_frame)
 .eh_frame      0x0000000008002a00        0x0 c:/st/stm32cubeide_1.10.1/stm32cubeide/plugins/com.st.stm32cube.ide.mcu.externaltools.gnu-tools-for-stm32.10.3-2021.10.win32_1.0.0.202111181127/tools/bin/../lib/gcc/arm-none-eabi/10.3.1/thumb/v7e-m+fp/hard/crtbegin.o
 *(.init)
 .init          0x0000000008002a00        0x4 c:/st/stm32cubeide_1.10.1/stm32cubeide/plugins/com.st.stm32cube.ide.mcu.externaltools.gnu-tools-for-stm32.10.3-2021.10.win32_1.0.0.202111181127/tools/bin/../lib/gcc/arm-none-eabi/10.3.1/thumb/v7e-m+fp/hard/crti.o
                0x0000000008002a00                _init
 .init          0x0000000008002a04        0x8 c:/st/stm32cubeide_1.10.1/stm32cubeide/plugins/com.st.stm32cube.ide.mcu.externaltools.gnu-tools-for-stm32.10.3-2021.10.win32_1.0.0.202111181127/tools/bin/../lib/gcc/arm-none-eabi/10.3.1/thumb/v7e-m+fp/hard/crtn.o
 *(.fini)
 .fini          0x0000000008002a0c        0x4 c:/st/stm32cubeide_1.10.1/stm32cubeide/plugins/com.st.stm32cube.ide.mcu.externaltools.gnu-tools-for-stm32.10.3-2021.10.win32_1.0.0.202111181127/tools/bin/../lib/gcc/arm-none-eabi/10.3.1/thumb/v7e-m+fp/hard/crti.o
                0x0000000008002a0c                _fini
 .fini          0x0000000008002a10        0x8 c:/st/stm32cubeide_1.10.1/stm32cubeide/plugins/com.st.stm32cube.ide.mcu.externaltools.gnu-tools-for-stm32.10.3-2021.10.win32_1.0.0.202111181127/tools/bin/../lib/gcc/arm-none-eabi/10.3.1/thumb/v7e-m+fp/hard/crtn.o
                0x0000000008002a18                . = ALIGN (0x4)
                0x0000000008002a18                _etext = .

.vfp11_veneer   0x0000000008002a18        0x0
 .vfp11_veneer  0x0000000008002a18        0x0 linker stubs

.v4_bx          0x0000000008002a18        0x0
 .v4_bx         0x0000000008002a18        0x0 linker stubs

.iplt           0x0000000008002a18        0x0
 .iplt          0x0000000008002a18        0x0 c:/st/stm32cubeide_1.10.1/stm32cubeide/plugins/com.st.stm32cube.ide.mcu.externaltools.gnu-tools-for-stm32.10.3-2021.10.win32_1.0.0.202111181127/tools/bin/../lib/gcc/arm-none-eabi/10.3.1/thumb/v7e-m+fp/hard/crtbegin.o

.rodata         0x0000000008002a18       0x20
                0x0000000008002a18                . = ALIGN (0x4)
 *(.rodata)
 *(.rodata*)
 .rodata.CHANNEL_OFFSET_TAB
                0x0000000008002a18        0x6 ./Core/Src/adc.o
 *fill*         0x0000000008002a1e        0x2 
 .rodata.OFFSET_TAB_CCMRx
                0x0000000008002a20        0xa ./Core/Src/tim.o
 *fill*         0x0000000008002a2a        0x2 
 .rodata.SHIFT_TAB_OCxx
                0x0000000008002a2c        0xa ./Core/Src/tim.o
                0x0000000008002a38                . = ALIGN (0x4)
 *fill*         0x0000000008002a36        0x2 

.rel.dyn        0x0000000008002a38        0x0
 .rel.iplt      0x0000000008002a38        0x0 c:/st/stm32cubeide_1.10.1/stm32cubeide/plugins/com.st.stm32cube.ide.mcu.externaltools.gnu-tools-for-stm32.10.3-2021.10.win32_1.0.0.202111181127/tools/bin/../lib/gcc/arm-none-eabi/10.3.1/thumb/v7e-m+fp/hard/crtbegin.o

.ARM.extab      0x0000000008002a38        0x0
                0x0000000008002a38                . = ALIGN (0x4)
 *(.ARM.extab* .gnu.linkonce.armextab.*)
                0x0000000008002a38                . = ALIGN (0x4)

.ARM            0x0000000008002a38        0x0
                0x0000000008002a38                . = ALIGN (0x4)
                0x0000000008002a38                __exidx_start = .
 *(.ARM.exidx*)
                0x0000000008002a38                __exidx_end = .
                0x0000000008002a38                . = ALIGN (0x4)

.preinit_array  0x0000000008002a38        0x0
                0x0000000008002a38                . = ALIGN (0x4)
                0x0000000008002a38                PROVIDE (__preinit_array_start = .)
 *(.preinit_array*)
                0x0000000008002a38                PROVIDE (__preinit_array_end = .)
                0x0000000008002a38                . = ALIGN (0x4)

.init_array     0x0000000008002a38        0x4
                0x0000000008002a38                . = ALIGN (0x4)
                0x0000000008002a38                PROVIDE (__init_array_start = .)
 *(SORT_BY_NAME(.init_array.*))
 *(.init_array*)
 .init_array    0x0000000008002a38        0x4 c:/st/stm32cubeide_1.10.1/stm32cubeide/plugins/com.st.stm32cube.ide.mcu.externaltools.gnu-tools-for-stm32.10.3-2021.10.win32_1.0.0.202111181127/tools/bin/../lib/gcc/arm-none-eabi/10.3.1/thumb/v7e-m+fp/hard/crtbegin.o
                0x0000000008002a3c                PROVIDE (__init_array_end = .)
                0x0000000008002a3c                . = ALIGN (0x4)

.fini_array     0x0000000008002a3c        0x4
                0x0000000008002a3c                . = ALIGN (0x4)
                [!provide]                        PROVIDE (__fini_array_start = .)
 *(SORT_BY_NAME(.fini_array.*))
 *(.fini_array*)
 .fini_array    0x0000000008002a3c        0x4 c:/st/stm32cubeide_1.10.1/stm32cubeide/plugins/com.st.stm32cube.ide.mcu.externaltools.gnu-tools-for-stm32.10.3-2021.10.win32_1.0.0.202111181127/tools/bin/../lib/gcc/arm-none-eabi/10.3.1/thumb/v7e-m+fp/hard/crtbegin.o
                [!provide]                        PROVIDE (__fini_array_end = .)
                0x0000000008002a40                . = ALIGN (0x4)
                0x0000000008002a40                _sidata = LOADADDR (.data)

.data           0x0000000020000000        0x4 load address 0x0000000008002a40
                0x0000000020000000                . = ALIGN (0x4)
                0x0000000020000000                _sdata = .
 *(.data)
 *(.data*)
 .data.SystemCoreClock
                0x0000000020000000        0x4 ./Core/Src/system_stm32g4xx.o
                0x0000000020000000                SystemCoreClock
 *(.RamFunc)
 *(.RamFunc*)
                0x0000000020000004                . = ALIGN (0x4)
                0x0000000020000004                _edata = .

.igot.plt       0x0000000020000004        0x0 load address 0x0000000008002a44
 .igot.plt      0x0000000020000004        0x0 c:/st/stm32cubeide_1.10.1/stm32cubeide/plugins/com.st.stm32cube.ide.mcu.externaltools.gnu-tools-for-stm32.10.3-2021.10.win32_1.0.0.202111181127/tools/bin/../lib/gcc/arm-none-eabi/10.3.1/thumb/v7e-m+fp/hard/crtbegin.o
                0x0000000020000004                . = ALIGN (0x4)

.bss            0x0000000020000004       0x2c load address 0x0000000008002a44
                0x0000000020000004                _sbss = .
                0x0000000020000004                __bss_start__ = _sbss
 *(.bss)
 .bss           0x0000000020000004       0x1c c:/st/stm32cubeide_1.10.1/stm32cubeide/plugins/com.st.stm32cube.ide.mcu.externaltools.gnu-tools-for-stm32.10.3-2021.10.win32_1.0.0.202111181127/tools/bin/../lib/gcc/arm-none-eabi/10.3.1/thumb/v7e-m+fp/hard/crtbegin.o
 *(.bss*)
 .bss.adc_converted_values
                0x0000000020000020        0x6 ./Core/Src/main.o
                0x0000000020000020                adc_converted_values
 .bss.vrefint_converted_value
                0x0000000020000026        0x2 ./Core/Src/main.o
                0x0000000020000026                vrefint_converted_value
 .bss.vdda_milli_volt
                0x0000000020000028        0x2 ./Core/Src/main.o
                0x0000000020000028                vdda_milli_volt
 .bss.is_dma_transfer_completed
                0x000000002000002a        0x2 ./Core/Src/main.o
                0x000000002000002a                is_dma_transfer_completed
 .bss.channel1_converted_value
                0x000000002000002c        0x2 ./Core/Src/main.o
                0x000000002000002c                channel1_converted_value
 *(COMMON)
                0x0000000020000030                . = ALIGN (0x4)
 *fill*         0x000000002000002e        0x2 
                0x0000000020000030                _ebss = .
                0x0000000020000030                __bss_end__ = _ebss

._user_heap_stack
                0x0000000020000030      0x600 load address 0x0000000008002a44
                0x0000000020000030                . = ALIGN (0x8)
                [!provide]                        PROVIDE (end = .)
                [!provide]                        PROVIDE (_end = .)
                0x0000000020000230                . = (. + _Min_Heap_Size)
 *fill*         0x0000000020000030      0x200 
                0x0000000020000630                . = (. + _Min_Stack_Size)
 *fill*         0x0000000020000230      0x400 
                0x0000000020000630                . = ALIGN (0x8)

/DISCARD/
 libc.a(*)
 libm.a(*)
 libgcc.a(*)

.ARM.attributes
                0x0000000000000000       0x30
 *(.ARM.attributes)
 .ARM.attributes
                0x0000000000000000       0x1e c:/st/stm32cubeide_1.10.1/stm32cubeide/plugins/com.st.stm32cube.ide.mcu.externaltools.gnu-tools-for-stm32.10.3-2021.10.win32_1.0.0.202111181127/tools/bin/../lib/gcc/arm-none-eabi/10.3.1/thumb/v7e-m+fp/hard/crti.o
 .ARM.attributes
                0x000000000000001e       0x34 c:/st/stm32cubeide_1.10.1/stm32cubeide/plugins/com.st.stm32cube.ide.mcu.externaltools.gnu-tools-for-stm32.10.3-2021.10.win32_1.0.0.202111181127/tools/bin/../lib/gcc/arm-none-eabi/10.3.1/thumb/v7e-m+fp/hard/crtbegin.o
 .ARM.attributes
                0x0000000000000052       0x34 ./Core/Src/adc.o
 .ARM.attributes
                0x0000000000000086       0x34 ./Core/Src/dma.o
 .ARM.attributes
                0x00000000000000ba       0x34 ./Core/Src/gpio.o
 .ARM.attributes
                0x00000000000000ee       0x34 ./Core/Src/main.o
 .ARM.attributes
                0x0000000000000122       0x34 ./Core/Src/stm32g4xx_it.o
 .ARM.attributes
                0x0000000000000156       0x34 ./Core/Src/system_stm32g4xx.o
 .ARM.attributes
                0x000000000000018a       0x34 ./Core/Src/tim.o
 .ARM.attributes
                0x00000000000001be       0x21 ./Core/Startup/startup_stm32g431rbtx.o
 .ARM.attributes
                0x00000000000001df       0x34 ./Drivers/STM32G4xx_HAL_Driver/Src/stm32g4xx_ll_adc.o
 .ARM.attributes
                0x0000000000000213       0x34 ./Drivers/STM32G4xx_HAL_Driver/Src/stm32g4xx_ll_gpio.o
 .ARM.attributes
                0x0000000000000247       0x34 ./Drivers/STM32G4xx_HAL_Driver/Src/stm32g4xx_ll_tim.o
 .ARM.attributes
                0x000000000000027b       0x34 ./Drivers/STM32G4xx_HAL_Driver/Src/stm32g4xx_ll_utils.o
 .ARM.attributes
                0x00000000000002af       0x34 c:/st/stm32cubeide_1.10.1/stm32cubeide/plugins/com.st.stm32cube.ide.mcu.externaltools.gnu-tools-for-stm32.10.3-2021.10.win32_1.0.0.202111181127/tools/bin/../lib/gcc/arm-none-eabi/10.3.1/../../../../arm-none-eabi/lib/thumb/v7e-m+fp/hard\libc_nano.a(lib_a-init.o)
 .ARM.attributes
                0x00000000000002e3       0x34 c:/st/stm32cubeide_1.10.1/stm32cubeide/plugins/com.st.stm32cube.ide.mcu.externaltools.gnu-tools-for-stm32.10.3-2021.10.win32_1.0.0.202111181127/tools/bin/../lib/gcc/arm-none-eabi/10.3.1/../../../../arm-none-eabi/lib/thumb/v7e-m+fp/hard\libc_nano.a(lib_a-memset.o)
 .ARM.attributes
                0x0000000000000317       0x1e c:/st/stm32cubeide_1.10.1/stm32cubeide/plugins/com.st.stm32cube.ide.mcu.externaltools.gnu-tools-for-stm32.10.3-2021.10.win32_1.0.0.202111181127/tools/bin/../lib/gcc/arm-none-eabi/10.3.1/thumb/v7e-m+fp/hard/crtn.o
OUTPUT(stm32g431rb_adc_vrefint.elf elf32-littlearm)
LOAD linker stubs
LOAD c:/st/stm32cubeide_1.10.1/stm32cubeide/plugins/com.st.stm32cube.ide.mcu.externaltools.gnu-tools-for-stm32.10.3-2021.10.win32_1.0.0.202111181127/tools/bin/../lib/gcc/arm-none-eabi/10.3.1/../../../../arm-none-eabi/lib/thumb/v7e-m+fp/hard\libc.a
LOAD c:/st/stm32cubeide_1.10.1/stm32cubeide/plugins/com.st.stm32cube.ide.mcu.externaltools.gnu-tools-for-stm32.10.3-2021.10.win32_1.0.0.202111181127/tools/bin/../lib/gcc/arm-none-eabi/10.3.1/../../../../arm-none-eabi/lib/thumb/v7e-m+fp/hard\libm.a
LOAD c:/st/stm32cubeide_1.10.1/stm32cubeide/plugins/com.st.stm32cube.ide.mcu.externaltools.gnu-tools-for-stm32.10.3-2021.10.win32_1.0.0.202111181127/tools/bin/../lib/gcc/arm-none-eabi/10.3.1/thumb/v7e-m+fp/hard\libgcc.a

.debug_info     0x0000000000000000     0x7c6c
 .debug_info    0x0000000000000000     0x1177 ./Core/Src/adc.o
 .debug_info    0x0000000000001177      0x9bb ./Core/Src/dma.o
 .debug_info    0x0000000000001b32      0x3cd ./Core/Src/gpio.o
 .debug_info    0x0000000000001eff     0x1578 ./Core/Src/main.o
 .debug_info    0x0000000000003477      0x2a7 ./Core/Src/stm32g4xx_it.o
 .debug_info    0x000000000000371e      0x598 ./Core/Src/system_stm32g4xx.o
 .debug_info    0x0000000000003cb6      0xbed ./Core/Src/tim.o
 .debug_info    0x00000000000048a3       0x22 ./Core/Startup/startup_stm32g431rbtx.o
 .debug_info    0x00000000000048c5      0xbda ./Drivers/STM32G4xx_HAL_Driver/Src/stm32g4xx_ll_adc.o
 .debug_info    0x000000000000549f      0xa0d ./Drivers/STM32G4xx_HAL_Driver/Src/stm32g4xx_ll_gpio.o
 .debug_info    0x0000000000005eac     0x1216 ./Drivers/STM32G4xx_HAL_Driver/Src/stm32g4xx_ll_tim.o
 .debug_info    0x00000000000070c2      0xbaa ./Drivers/STM32G4xx_HAL_Driver/Src/stm32g4xx_ll_utils.o

.debug_abbrev   0x0000000000000000     0x1390
 .debug_abbrev  0x0000000000000000      0x1a6 ./Core/Src/adc.o
 .debug_abbrev  0x00000000000001a6      0x1c3 ./Core/Src/dma.o
 .debug_abbrev  0x0000000000000369      0x101 ./Core/Src/gpio.o
 .debug_abbrev  0x000000000000046a      0x2b5 ./Core/Src/main.o
 .debug_abbrev  0x000000000000071f      0x142 ./Core/Src/stm32g4xx_it.o
 .debug_abbrev  0x0000000000000861      0x116 ./Core/Src/system_stm32g4xx.o
 .debug_abbrev  0x0000000000000977      0x1c2 ./Core/Src/tim.o
 .debug_abbrev  0x0000000000000b39       0x12 ./Core/Startup/startup_stm32g431rbtx.o
 .debug_abbrev  0x0000000000000b4b      0x195 ./Drivers/STM32G4xx_HAL_Driver/Src/stm32g4xx_ll_adc.o
 .debug_abbrev  0x0000000000000ce0      0x223 ./Drivers/STM32G4xx_HAL_Driver/Src/stm32g4xx_ll_gpio.o
 .debug_abbrev  0x0000000000000f03      0x236 ./Drivers/STM32G4xx_HAL_Driver/Src/stm32g4xx_ll_tim.o
 .debug_abbrev  0x0000000000001139      0x257 ./Drivers/STM32G4xx_HAL_Driver/Src/stm32g4xx_ll_utils.o

.debug_aranges  0x0000000000000000      0x768
 .debug_aranges
                0x0000000000000000       0xe8 ./Core/Src/adc.o
 .debug_aranges
                0x00000000000000e8       0x48 ./Core/Src/dma.o
 .debug_aranges
                0x0000000000000130       0x28 ./Core/Src/gpio.o
 .debug_aranges
                0x0000000000000158      0x138 ./Core/Src/main.o
 .debug_aranges
                0x0000000000000290       0x78 ./Core/Src/stm32g4xx_it.o
 .debug_aranges
                0x0000000000000308       0x28 ./Core/Src/system_stm32g4xx.o
 .debug_aranges
                0x0000000000000330       0x80 ./Core/Src/tim.o
 .debug_aranges
                0x00000000000003b0       0x28 ./Core/Startup/startup_stm32g431rbtx.o
 .debug_aranges
                0x00000000000003d8       0xe0 ./Drivers/STM32G4xx_HAL_Driver/Src/stm32g4xx_ll_adc.o
 .debug_aranges
                0x00000000000004b8       0x70 ./Drivers/STM32G4xx_HAL_Driver/Src/stm32g4xx_ll_gpio.o
 .debug_aranges
                0x0000000000000528      0x148 ./Drivers/STM32G4xx_HAL_Driver/Src/stm32g4xx_ll_tim.o
 .debug_aranges
                0x0000000000000670       0xf8 ./Drivers/STM32G4xx_HAL_Driver/Src/stm32g4xx_ll_utils.o

.debug_ranges   0x0000000000000000      0x6b0
 .debug_ranges  0x0000000000000000       0xd8 ./Core/Src/adc.o
 .debug_ranges  0x00000000000000d8       0x38 ./Core/Src/dma.o
 .debug_ranges  0x0000000000000110       0x18 ./Core/Src/gpio.o
 .debug_ranges  0x0000000000000128      0x128 ./Core/Src/main.o
 .debug_ranges  0x0000000000000250       0x68 ./Core/Src/stm32g4xx_it.o
 .debug_ranges  0x00000000000002b8       0x18 ./Core/Src/system_stm32g4xx.o
 .debug_ranges  0x00000000000002d0       0x70 ./Core/Src/tim.o
 .debug_ranges  0x0000000000000340       0x20 ./Core/Startup/startup_stm32g431rbtx.o
 .debug_ranges  0x0000000000000360       0xd0 ./Drivers/STM32G4xx_HAL_Driver/Src/stm32g4xx_ll_adc.o
 .debug_ranges  0x0000000000000430       0x60 ./Drivers/STM32G4xx_HAL_Driver/Src/stm32g4xx_ll_gpio.o
 .debug_ranges  0x0000000000000490      0x138 ./Drivers/STM32G4xx_HAL_Driver/Src/stm32g4xx_ll_tim.o
 .debug_ranges  0x00000000000005c8       0xe8 ./Drivers/STM32G4xx_HAL_Driver/Src/stm32g4xx_ll_utils.o

.debug_macro    0x0000000000000000    0x18c61
 .debug_macro   0x0000000000000000      0x167 ./Core/Src/adc.o
 .debug_macro   0x0000000000000167      0xaba ./Core/Src/adc.o
 .debug_macro   0x0000000000000c21       0x2e ./Core/Src/adc.o
 .debug_macro   0x0000000000000c4f       0x28 ./Core/Src/adc.o
 .debug_macro   0x0000000000000c77       0x22 ./Core/Src/adc.o
 .debug_macro   0x0000000000000c99       0x8e ./Core/Src/adc.o
 .debug_macro   0x0000000000000d27       0x51 ./Core/Src/adc.o
 .debug_macro   0x0000000000000d78      0x103 ./Core/Src/adc.o
 .debug_macro   0x0000000000000e7b       0x6a ./Core/Src/adc.o
 .debug_macro   0x0000000000000ee5      0x1df ./Core/Src/adc.o
 .debug_macro   0x00000000000010c4       0x1c ./Core/Src/adc.o
 .debug_macro   0x00000000000010e0       0x22 ./Core/Src/adc.o
 .debug_macro   0x0000000000001102       0xfb ./Core/Src/adc.o
 .debug_macro   0x00000000000011fd     0x1011 ./Core/Src/adc.o
 .debug_macro   0x000000000000220e      0x11f ./Core/Src/adc.o
 .debug_macro   0x000000000000232d    0x11396 ./Core/Src/adc.o
 .debug_macro   0x00000000000136c3       0x6d ./Core/Src/adc.o
 .debug_macro   0x0000000000013730     0x10f7 ./Core/Src/adc.o
 .debug_macro   0x0000000000014827      0x63e ./Core/Src/adc.o
 .debug_macro   0x0000000000014e65      0x24e ./Core/Src/adc.o
 .debug_macro   0x00000000000150b3      0x5fe ./Core/Src/adc.o
 .debug_macro   0x00000000000156b1      0x188 ./Core/Src/adc.o
 .debug_macro   0x0000000000015839       0xd0 ./Core/Src/adc.o
 .debug_macro   0x0000000000015909      0x28c ./Core/Src/adc.o
 .debug_macro   0x0000000000015b95      0x155 ./Core/Src/adc.o
 .debug_macro   0x0000000000015cea      0x1a6 ./Core/Src/adc.o
 .debug_macro   0x0000000000015e90       0x84 ./Core/Src/adc.o
 .debug_macro   0x0000000000015f14      0x231 ./Core/Src/adc.o
 .debug_macro   0x0000000000016145      0xcf8 ./Core/Src/adc.o
 .debug_macro   0x0000000000016e3d      0x169 ./Core/Src/adc.o
 .debug_macro   0x0000000000016fa6       0x22 ./Core/Src/adc.o
 .debug_macro   0x0000000000016fc8      0x167 ./Core/Src/dma.o
 .debug_macro   0x000000000001712f      0x167 ./Core/Src/gpio.o
 .debug_macro   0x0000000000017296      0x190 ./Core/Src/main.o
 .debug_macro   0x0000000000017426      0x167 ./Core/Src/stm32g4xx_it.o
 .debug_macro   0x000000000001758d       0xcd ./Core/Src/system_stm32g4xx.o
 .debug_macro   0x000000000001765a      0x167 ./Core/Src/tim.o
 .debug_macro   0x00000000000177c1      0x17e ./Drivers/STM32G4xx_HAL_Driver/Src/stm32g4xx_ll_adc.o
 .debug_macro   0x000000000001793f      0x10f ./Drivers/STM32G4xx_HAL_Driver/Src/stm32g4xx_ll_gpio.o
 .debug_macro   0x0000000000017a4e      0x163 ./Drivers/STM32G4xx_HAL_Driver/Src/stm32g4xx_ll_gpio.o
 .debug_macro   0x0000000000017bb1      0x186 ./Drivers/STM32G4xx_HAL_Driver/Src/stm32g4xx_ll_tim.o
 .debug_macro   0x0000000000017d37      0xcf2 ./Drivers/STM32G4xx_HAL_Driver/Src/stm32g4xx_ll_tim.o
 .debug_macro   0x0000000000018a29      0x1ba ./Drivers/STM32G4xx_HAL_Driver/Src/stm32g4xx_ll_utils.o
 .debug_macro   0x0000000000018be3       0x7e ./Drivers/STM32G4xx_HAL_Driver/Src/stm32g4xx_ll_utils.o

.debug_line     0x0000000000000000     0x5cb0
 .debug_line    0x0000000000000000      0x934 ./Core/Src/adc.o
 .debug_line    0x0000000000000934      0x6c0 ./Core/Src/dma.o
 .debug_line    0x0000000000000ff4      0x5e0 ./Core/Src/gpio.o
 .debug_line    0x00000000000015d4      0xbba ./Core/Src/main.o
 .debug_line    0x000000000000218e      0x6f4 ./Core/Src/stm32g4xx_it.o
 .debug_line    0x0000000000002882      0x4cf ./Core/Src/system_stm32g4xx.o
 .debug_line    0x0000000000002d51      0x89b ./Core/Src/tim.o
 .debug_line    0x00000000000035ec       0x89 ./Core/Startup/startup_stm32g431rbtx.o
 .debug_line    0x0000000000003675      0x8c3 ./Drivers/STM32G4xx_HAL_Driver/Src/stm32g4xx_ll_adc.o
 .debug_line    0x0000000000003f38      0x7a7 ./Drivers/STM32G4xx_HAL_Driver/Src/stm32g4xx_ll_gpio.o
 .debug_line    0x00000000000046df      0xbfd ./Drivers/STM32G4xx_HAL_Driver/Src/stm32g4xx_ll_tim.o
 .debug_line    0x00000000000052dc      0x9d4 ./Drivers/STM32G4xx_HAL_Driver/Src/stm32g4xx_ll_utils.o

.debug_str      0x0000000000000000    0x950d1
 .debug_str     0x0000000000000000    0x8e82a ./Core/Src/adc.o
                                      0x8ea7a (size before relaxing)
 .debug_str     0x000000000008e82a      0x58e ./Core/Src/dma.o
                                      0x8e944 (size before relaxing)
 .debug_str     0x000000000008edb8       0x2c ./Core/Src/gpio.o
                                      0x8e39a (size before relaxing)
 .debug_str     0x000000000008ede4      0x511 ./Core/Src/main.o
                                      0x8efc8 (size before relaxing)
 .debug_str     0x000000000008f2f5      0x103 ./Core/Src/stm32g4xx_it.o
                                      0x8e33b (size before relaxing)
 .debug_str     0x000000000008f3f8       0x77 ./Core/Src/system_stm32g4xx.o
                                      0x6fe7d (size before relaxing)
 .debug_str     0x000000000008f46f      0x35f ./Core/Src/tim.o
                                      0x8e7e4 (size before relaxing)
 .debug_str     0x000000000008f7ce       0x36 ./Core/Startup/startup_stm32g431rbtx.o
                                         0x72 (size before relaxing)
 .debug_str     0x000000000008f804     0x2604 ./Drivers/STM32G4xx_HAL_Driver/Src/stm32g4xx_ll_adc.o
                                      0x7f24f (size before relaxing)
 .debug_str     0x0000000000091e08      0x640 ./Drivers/STM32G4xx_HAL_Driver/Src/stm32g4xx_ll_gpio.o
                                      0x7171d (size before relaxing)
 .debug_str     0x0000000000092448     0x1da2 ./Drivers/STM32G4xx_HAL_Driver/Src/stm32g4xx_ll_tim.o
                                      0x78de5 (size before relaxing)
 .debug_str     0x00000000000941ea      0xee7 ./Drivers/STM32G4xx_HAL_Driver/Src/stm32g4xx_ll_utils.o
                                      0x764de (size before relaxing)

.comment        0x0000000000000000       0x50
 .comment       0x0000000000000000       0x50 ./Core/Src/adc.o
                                         0x51 (size before relaxing)
 .comment       0x0000000000000050       0x51 ./Core/Src/dma.o
 .comment       0x0000000000000050       0x51 ./Core/Src/gpio.o
 .comment       0x0000000000000050       0x51 ./Core/Src/main.o
 .comment       0x0000000000000050       0x51 ./Core/Src/stm32g4xx_it.o
 .comment       0x0000000000000050       0x51 ./Core/Src/system_stm32g4xx.o
 .comment       0x0000000000000050       0x51 ./Core/Src/tim.o
 .comment       0x0000000000000050       0x51 ./Drivers/STM32G4xx_HAL_Driver/Src/stm32g4xx_ll_adc.o
 .comment       0x0000000000000050       0x51 ./Drivers/STM32G4xx_HAL_Driver/Src/stm32g4xx_ll_gpio.o
 .comment       0x0000000000000050       0x51 ./Drivers/STM32G4xx_HAL_Driver/Src/stm32g4xx_ll_tim.o
 .comment       0x0000000000000050       0x51 ./Drivers/STM32G4xx_HAL_Driver/Src/stm32g4xx_ll_utils.o

.debug_frame    0x0000000000000000     0x1e34
 .debug_frame   0x0000000000000000      0x420 ./Core/Src/adc.o
 .debug_frame   0x0000000000000420       0xec ./Core/Src/dma.o
 .debug_frame   0x000000000000050c       0x54 ./Core/Src/gpio.o
 .debug_frame   0x0000000000000560      0x534 ./Core/Src/main.o
 .debug_frame   0x0000000000000a94      0x174 ./Core/Src/stm32g4xx_it.o
 .debug_frame   0x0000000000000c08       0x58 ./Core/Src/system_stm32g4xx.o
 .debug_frame   0x0000000000000c60      0x218 ./Core/Src/tim.o
 .debug_frame   0x0000000000000e78      0x3e8 ./Drivers/STM32G4xx_HAL_Driver/Src/stm32g4xx_ll_adc.o
 .debug_frame   0x0000000000001260      0x1c0 ./Drivers/STM32G4xx_HAL_Driver/Src/stm32g4xx_ll_gpio.o
 .debug_frame   0x0000000000001420      0x5d0 ./Drivers/STM32G4xx_HAL_Driver/Src/stm32g4xx_ll_tim.o
 .debug_frame   0x00000000000019f0      0x3f8 ./Drivers/STM32G4xx_HAL_Driver/Src/stm32g4xx_ll_utils.o
 .debug_frame   0x0000000000001de8       0x2c c:/st/stm32cubeide_1.10.1/stm32cubeide/plugins/com.st.stm32cube.ide.mcu.externaltools.gnu-tools-for-stm32.10.3-2021.10.win32_1.0.0.202111181127/tools/bin/../lib/gcc/arm-none-eabi/10.3.1/../../../../arm-none-eabi/lib/thumb/v7e-m+fp/hard\libc_nano.a(lib_a-init.o)
 .debug_frame   0x0000000000001e14       0x20 c:/st/stm32cubeide_1.10.1/stm32cubeide/plugins/com.st.stm32cube.ide.mcu.externaltools.gnu-tools-for-stm32.10.3-2021.10.win32_1.0.0.202111181127/tools/bin/../lib/gcc/arm-none-eabi/10.3.1/../../../../arm-none-eabi/lib/thumb/v7e-m+fp/hard\libc_nano.a(lib_a-memset.o)
