../Drivers/STM32G4xx_HAL_Driver/Inc/stm32g4xx_ll_adc.h:2662:26:LL_ADC_DMA_GetRegAddr	24	static
../Drivers/STM32G4xx_HAL_Driver/Inc/stm32g4xx_ll_adc.h:2796:22:LL_ADC_SetCommonPathInternalCh	16	static
../Drivers/STM32G4xx_HAL_Driver/Inc/stm32g4xx_ll_adc.h:3525:22:LL_ADC_SetGainCompensation	16	static
../Drivers/STM32G4xx_HAL_Driver/Inc/stm32g4xx_ll_adc.h:3767:22:LL_ADC_REG_SetTriggerEdge	16	static
../Drivers/STM32G4xx_HAL_Driver/Inc/stm32g4xx_ll_adc.h:4091:22:LL_ADC_REG_SetSequencerRanks	32	static
../Drivers/STM32G4xx_HAL_Driver/Inc/stm32g4xx_ll_adc.h:5330:22:LL_ADC_SetChannelSamplingTime	32	static
../Drivers/STM32G4xx_HAL_Driver/Inc/stm32g4xx_ll_adc.h:5495:22:LL_ADC_SetChannelSingleDiff	24	static
../Drivers/STM32G4xx_HAL_Driver/Inc/stm32g4xx_ll_adc.h:6177:22:LL_ADC_SetOverSamplingScope	16	static
../Drivers/STM32G4xx_HAL_Driver/Inc/stm32g4xx_ll_adc.h:6606:22:LL_ADC_DisableDeepPowerDown	16	static
../Drivers/STM32G4xx_HAL_Driver/Inc/stm32g4xx_ll_adc.h:6639:22:LL_ADC_EnableInternalRegulator	16	static
../Drivers/STM32G4xx_HAL_Driver/Inc/stm32g4xx_ll_dma.h:517:22:LL_DMA_EnableChannel	24	static
../Drivers/STM32G4xx_HAL_Driver/Inc/stm32g4xx_ll_dma.h:628:22:LL_DMA_SetDataTransferDirection	32	static
../Drivers/STM32G4xx_HAL_Driver/Inc/stm32g4xx_ll_dma.h:683:22:LL_DMA_SetMode	32	static
../Drivers/STM32G4xx_HAL_Driver/Inc/stm32g4xx_ll_dma.h:734:22:LL_DMA_SetPeriphIncMode	32	static
../Drivers/STM32G4xx_HAL_Driver/Inc/stm32g4xx_ll_dma.h:785:22:LL_DMA_SetMemoryIncMode	32	static
../Drivers/STM32G4xx_HAL_Driver/Inc/stm32g4xx_ll_dma.h:837:22:LL_DMA_SetPeriphSize	32	static
../Drivers/STM32G4xx_HAL_Driver/Inc/stm32g4xx_ll_dma.h:890:22:LL_DMA_SetMemorySize	32	static
../Drivers/STM32G4xx_HAL_Driver/Inc/stm32g4xx_ll_dma.h:944:22:LL_DMA_SetChannelPriorityLevel	32	static
../Drivers/STM32G4xx_HAL_Driver/Inc/stm32g4xx_ll_dma.h:997:22:LL_DMA_SetDataLength	32	static
../Drivers/STM32G4xx_HAL_Driver/Inc/stm32g4xx_ll_dma.h:1054:22:LL_DMA_ConfigAddresses	32	static
../Drivers/STM32G4xx_HAL_Driver/Inc/stm32g4xx_ll_dma.h:1406:22:LL_DMA_SetPeriphRequest	32	static
../Drivers/STM32G4xx_HAL_Driver/Inc/stm32g4xx_ll_dma.h:2356:22:LL_DMA_EnableIT_TC	24	static
../Drivers/STM32G4xx_HAL_Driver/Inc/stm32g4xx_ll_dma.h:2400:22:LL_DMA_EnableIT_TE	24	static
../Drivers/STM32G4xx_HAL_Driver/Inc/stm32g4xx_ll_rcc.h:1694:22:LL_RCC_SetADCClockSource	16	static
../Drivers/STM32G4xx_HAL_Driver/Inc/stm32g4xx_ll_bus.h:451:22:LL_AHB2_GRP1_EnableClock	24	static
../Core/Src/adc.c:28:6:MX_ADC1_Init	96	static
