../Drivers/STM32G4xx_HAL_Driver/Inc/stm32g4xx_ll_dma.h:1663:26:LL_DMA_IsActiveFlag_TC1	16	static
../Drivers/STM32G4xx_HAL_Driver/Inc/stm32g4xx_ll_dma.h:2063:22:LL_DMA_ClearFlag_TC1	16	static
../Core/Src/stm32g4xx_it.c:70:6:NMI_Handler	4	static
../Core/Src/stm32g4xx_it.c:85:6:HardFault_Handler	4	static
../Core/Src/stm32g4xx_it.c:100:6:MemManage_Handler	4	static
../Core/Src/stm32g4xx_it.c:115:6:BusFault_Handler	4	static
../Core/Src/stm32g4xx_it.c:130:6:UsageFault_Handler	4	static
../Core/Src/stm32g4xx_it.c:145:6:SVC_Handler	4	static
../Core/Src/stm32g4xx_it.c:158:6:DebugMon_Handler	4	static
../Core/Src/stm32g4xx_it.c:171:6:PendSV_Handler	4	static
../Core/Src/stm32g4xx_it.c:184:6:SysTick_Handler	4	static
../Core/Src/stm32g4xx_it.c:205:6:DMA1_Channel1_IRQHandler	8	static
